[Invalid data in row 1 (last name must contain characters)]